Godot Engine v4.7.2.stable.official.ed1daf0bf - https://godotengine.org
OpenGL API 4.1 Metal - 90.5 - Compatibility - Using Device: Apple - Apple M3

(1, 0) height=0 beside: 247 pawn pixels over opaque ramp
(1, 0) height=0 behind: 0 pawn pixels over opaque ramp
(1, 0) height=0 slope_behind: 0 pawn pixels over opaque ramp
(1, 0) height=0 slope_front: 778 pawn pixels over opaque ramp
(1, 0) height=0 ramp: 1570 pawn pixels over opaque ramp
(1, 0) height=0 front: 1458 pawn pixels over opaque ramp
(1, 0) height=64 beside: 247 pawn pixels over opaque ramp
(1, 0) height=64 behind: 0 pawn pixels over opaque ramp
(1, 0) height=64 slope_behind: 0 pawn pixels over opaque ramp
(1, 0) height=64 slope_front: 778 pawn pixels over opaque ramp
(1, 0) height=64 ramp: 1570 pawn pixels over opaque ramp
(1, 0) height=64 front: 1458 pawn pixels over opaque ramp
(-1, 0) height=0 beside: 267 pawn pixels over opaque ramp
(-1, 0) height=0 behind: 0 pawn pixels over opaque ramp
(-1, 0) height=0 slope_behind: 0 pawn pixels over opaque ramp
(-1, 0) height=0 slope_front: 746 pawn pixels over opaque ramp
(-1, 0) height=0 ramp: 1607 pawn pixels over opaque ramp
(-1, 0) height=0 front: 1715 pawn pixels over opaque ramp
(-1, 0) height=64 beside: 267 pawn pixels over opaque ramp
(-1, 0) height=64 behind: 0 pawn pixels over opaque ramp
(-1, 0) height=64 slope_behind: 0 pawn pixels over opaque ramp
(-1, 0) height=64 slope_front: 746 pawn pixels over opaque ramp
(-1, 0) height=64 ramp: 1607 pawn pixels over opaque ramp
(-1, 0) height=64 front: 1715 pawn pixels over opaque ramp
Stair edge depth: PASS
